00:00 +0: loading /Volumes/Personal/Projects/Freelance/flutter_playground_project/test/feature/trip/home/widgets/home_toolbar_test.dart                                                                00:00 +0: HomeToolbar renders correctly                                                                                                                                                                00:01 +0: HomeToolbar renders correctly                                                                                                                                                                00:01 +0: HomeToolbar renders correctly                                                                                                                                                                
══╡ EXCEPTION CAUGHT BY RENDERING LIBRARY ╞═════════════════════════════════════════════════════════
The following assertion was thrown during layout:
A RenderFlex overflowed by 138 pixels on the right.

The relevant error-causing widget was:
  Row
  Row:file:///Volumes/Personal/Projects/Freelance/flutter_playground_project/lib/feature/trip/home/widgets/home_toolbar.dart:88:20

The overflowing RenderFlex has an orientation of Axis.horizontal.
The edge of the RenderFlex that is overflowing has been marked in the rendering with a yellow and
black striped pattern. This is usually caused by the contents being too big for the RenderFlex.
Consider applying a flex factor (e.g. using an Expanded widget) to force the children of the
RenderFlex to fit within the available space instead of being sized to their natural size.
This is considered an error condition because it indicates that there is content that cannot be
seen. If the content is legitimately bigger than the available space, consider clipping it with a
ClipRect widget before putting it in the flex, or using a scrollable container rather than a Flex,
like a ListView.
The specific RenderFlex in question is: RenderFlex#9f64c relayoutBoundary=up6 OVERFLOWING:
  creator: Row ← Padding ← DecoratedBox ← Container ← Column ← Padding ← ColoredBox ← Container ←
    HomeToolbar ← KeyedSubtree-[GlobalKey#57a41] ← _BodyBuilder ← MediaQuery ← ⋯
  parentData: offset=Offset(4.0, 4.0) (can use size)
  constraints: BoxConstraints(0.0<=w<=760.0, 0.0<=h<=Infinity)
  size: Size(760.0, 53.0)
  direction: horizontal
  mainAxisAlignment: spaceBetween
  mainAxisSize: max
  crossAxisAlignment: center
  textDirection: ltr
  verticalDirection: down
  spacing: 0.0
◢◤◢◤◢◤◢◤◢◤◢◤◢◤◢◤◢◤◢◤◢◤◢◤◢◤◢◤◢◤◢◤◢◤◢◤◢◤◢◤◢◤◢◤◢◤◢◤◢◤◢◤◢◤◢◤◢◤◢◤◢◤◢◤◢◤◢◤◢◤◢◤◢◤◢◤◢◤◢◤◢◤◢◤◢◤◢◤◢◤◢◤◢◤◢◤◢◤◢◤
════════════════════════════════════════════════════════════════════════════════════════════════════
00:01 +0 -1: HomeToolbar renders correctly [E]                                                                                                                                                         
  Test failed. See exception logs above.
  The test description was: HomeToolbar renders correctly
  

To run this test again: /opt/homebrew/Caskroom/flutter/3.24.4/flutter/bin/cache/dart-sdk/bin/dart test /Volumes/Personal/Projects/Freelance/flutter_playground_project/test/feature/trip/home/widgets/home_toolbar_test.dart -p vm --plain-name 'HomeToolbar renders correctly'
00:01 +0 -1: Some tests failed.                                                                                                                                                                        
